 ******* Program HYDRUS
 ******* 
 Garmisch lysimeter 3                                                    
 Date:  26.12.2016    Time:  23:16: 1
 Units: L = cm   , T = days , M = mmol 

----------------------------------------------------------
 Time       [T]    14607.0000
----------------------------------------------------------
 Sub-region num.                     1
----------------------------------------------------------
 Length   [L]        0.14000E+03  0.14000E+03
 W-volume [L]        0.67818E+02  0.67818E+02
 In-flow  [L/T]      0.00000E+00  0.00000E+00
 h Mean   [L]       -0.70000E+02 -0.70000E+02
 HeatVol  [M/T2]     0.40940E+20  0.40940E+20
 tMean    [K]              4.000        4.000
 ConcVol  [M/L2] 1   0.98939E+03  0.98939E+03
 cMean    [M/L3] 1   0.14589E+02  0.14589E+02
 Top Flux [L/T]      0.00000E+00
 Bot Flux [L/T]      0.00000E+00
----------------------------------------------------------

----------------------------------------------------------
 Time       [T]    14920.3000
----------------------------------------------------------
 Sub-region num.                     1
----------------------------------------------------------
 Length   [L]        0.14000E+03  0.14000E+03
 W-volume [L]        0.67825E+02  0.67825E+02
 In-flow  [L/T]     -0.10428E+00 -0.10428E+00
 h Mean   [L]       -0.69336E+02 -0.69336E+02
 HeatVol  [M/T2]     0.41800E+20  0.41800E+20
 tMean    [K]              9.832        9.832
 ConcVol  [M/L2] 1   0.10200E+04  0.10200E+04
 cMean    [M/L3] 1   0.15093E+02  0.15093E+02
 Top Flux [L/T]      0.39330E-01
 Bot Flux [L/T]     -0.44211E-01
 WatBalT  [L]        0.25195E+00
 WatBalR  [%]              0.098
 CncBalT  [M]    1  -0.28687E-02
 CncBalR  [%]    1         0.000
----------------------------------------------------------

----------------------------------------------------------
 Time       [T]    15233.6000
----------------------------------------------------------
 Sub-region num.                     1
----------------------------------------------------------
 Length   [L]        0.14000E+03  0.14000E+03
 W-volume [L]        0.67374E+02  0.67374E+02
 In-flow  [L/T]     -0.16263E+00 -0.16263E+00
 h Mean   [L]       -0.11378E+03 -0.11378E+03
 HeatVol  [M/T2]     0.42578E+20  0.42578E+20
 tMean    [K]             15.339       15.339
 ConcVol  [M/L2] 1   0.10302E+04  0.10302E+04
 cMean    [M/L3] 1   0.15286E+02  0.15286E+02
 Top Flux [L/T]      0.11411E+00
 Bot Flux [L/T]      0.27368E-01
 WatBalT  [L]        0.50746E+00
 WatBalR  [%]              0.102
 CncBalT  [M]    1  -0.36481E+00
 CncBalR  [%]    1         0.005
----------------------------------------------------------

----------------------------------------------------------
 Time       [T]    15546.9000
----------------------------------------------------------
 Sub-region num.                     1
----------------------------------------------------------
 Length   [L]        0.14000E+03  0.14000E+03
 W-volume [L]        0.66795E+02  0.66795E+02
 In-flow  [L/T]     -0.35584E+00 -0.35584E+00
 h Mean   [L]       -0.17468E+03 -0.17468E+03
 HeatVol  [M/T2]     0.42402E+20  0.42402E+20
 tMean    [K]             14.501       14.501
 ConcVol  [M/L2] 1   0.96176E+03  0.96176E+03
 cMean    [M/L3] 1   0.14376E+02  0.14376E+02
 Top Flux [L/T]      0.42309E-01
 Bot Flux [L/T]      0.54164E-01
 WatBalT  [L]        0.65392E+00
 WatBalR  [%]              0.091
 CncBalT  [M]    1  -0.28886E+00
 CncBalR  [%]    1         0.003
----------------------------------------------------------

----------------------------------------------------------
 Time       [T]    15860.1000
----------------------------------------------------------
 Sub-region num.                     1
----------------------------------------------------------
 Length   [L]        0.14000E+03  0.14000E+03
 W-volume [L]        0.68504E+02  0.68504E+02
 In-flow  [L/T]      0.92187E-01  0.92187E-01
 h Mean   [L]        0.66822E+01  0.66822E+01
 HeatVol  [M/T2]     0.41585E+20  0.41585E+20
 tMean    [K]              7.965        7.965
 ConcVol  [M/L2] 1   0.91378E+03  0.91378E+03
 cMean    [M/L3] 1   0.13326E+02  0.13326E+02
 Top Flux [L/T]     -0.23004E+01
 Bot Flux [L/T]     -0.22082E+01
 WatBalT  [L]        0.82562E+00
 WatBalR  [%]              0.087
 CncBalT  [M]    1  -0.57404E-01
 CncBalR  [%]    1         0.000
----------------------------------------------------------

----------------------------------------------------------
 Time       [T]    16173.4000
----------------------------------------------------------
 Sub-region num.                     1
----------------------------------------------------------
 Length   [L]        0.14000E+03  0.14000E+03
 W-volume [L]        0.67679E+02  0.67679E+02
 In-flow  [L/T]      0.17382E+01  0.17382E+01
 h Mean   [L]       -0.97093E+02 -0.97093E+02
 HeatVol  [M/T2]     0.41164E+20  0.41164E+20
 tMean    [K]              5.582        5.582
 ConcVol  [M/L2] 1   0.92104E+03  0.92104E+03
 cMean    [M/L3] 1   0.13606E+02  0.13606E+02
 Top Flux [L/T]     -0.17764E+01
 Bot Flux [L/T]      0.68163E-01
 WatBalT  [L]        0.96479E+00
 WatBalR  [%]              0.084
 CncBalT  [M]    1   0.29373E-01
 CncBalR  [%]    1         0.000
----------------------------------------------------------

----------------------------------------------------------
 Time       [T]    16486.7000
----------------------------------------------------------
 Sub-region num.                     1
----------------------------------------------------------
 Length   [L]        0.14000E+03  0.14000E+03
 W-volume [L]        0.67701E+02  0.67701E+02
 In-flow  [L/T]      0.57260E+00  0.57260E+00
 h Mean   [L]       -0.90756E+02 -0.90756E+02
 HeatVol  [M/T2]     0.40736E+20  0.40736E+20
 tMean    [K]              2.664        2.664
 ConcVol  [M/L2] 1   0.10297E+04  0.10297E+04
 cMean    [M/L3] 1   0.15254E+02  0.15254E+02
 Top Flux [L/T]     -0.59426E+00
 Bot Flux [L/T]     -0.35606E-02
 WatBalT  [L]        0.11194E+01
 WatBalR  [%]              0.081
 CncBalT  [M]    1   0.45999E+00
 CncBalR  [%]    1         0.002
----------------------------------------------------------

----------------------------------------------------------
 Time       [T]    16800.0000
----------------------------------------------------------
 Sub-region num.                     1
----------------------------------------------------------
 Length   [L]        0.14000E+03  0.14000E+03
 W-volume [L]        0.67514E+02  0.67514E+02
 In-flow  [L/T]      0.93948E-01  0.93948E-01
 h Mean   [L]       -0.10404E+03 -0.10404E+03
 HeatVol  [M/T2]     0.40998E+20  0.40998E+20
 tMean    [K]              4.587        4.587
 ConcVol  [M/L2] 1   0.10522E+04  0.10522E+04
 cMean    [M/L3] 1   0.15627E+02  0.15627E+02
 Top Flux [L/T]     -0.76919E-01
 Bot Flux [L/T]      0.21658E-01
 WatBalT  [L]        0.18497E+01
 WatBalR  [%]              0.114
 CncBalT  [M]    1   0.12709E+00
 CncBalR  [%]    1         0.001
----------------------------------------------------------
 
 Calculation time [sec]   7.71000003814697     
